// Jest Snapshot v1, https://goo.gl/fbAQLP

exports[`IamTransferUserAccessRole default Testing Should match snapshot. 1`] = `
{
  "Parameters": {
    "BootstrapVersion": {
      "Default": "/cdk-bootstrap/hnb659fds/version",
      "Description": "Version of the CDK Bootstrap resources in this environment, automatically retrieved from SSM Parameter Store. [cdk:skip]",
      "Type": "AWS::SSM::Parameter::Value<String>",
    },
  },
  "Resources": {
    "IamTransferUserAccessRole29572FE1": {
      "Properties": {
        "AssumeRolePolicyDocument": {
          "Statement": [
            {
              "Action": "sts:AssumeRole",
              "Effect": "Allow",
              "Principal": {
                "Service": "transfer.amazonaws.com",
              },
            },
          ],
          "Version": "2012-10-17",
        },
        "Description": "sftp user access role",
        "Policies": [
          {
            "PolicyDocument": {
              "Statement": [
                {
                  "Action": [
                    "s3:ListBucket",
                    "s3:GetBucketLocation",
                  ],
                  "Effect": "Allow",
                  "Resource": {
                    "Fn::GetAtt": [
                      "TestBicketC66E8595",
                      "Arn",
                    ],
                  },
                  "Sid": "AllowListingOfUserFolder",
                },
                {
                  "Action": [
                    "s3:PutObject",
                    "s3:PutObjectACL",
                    "s3:GetObject",
                    "s3:GetObjectACL",
                    "s3:GetObjectVersion",
                    "s3:DeleteObject",
                    "s3:DeleteObjectVersion",
                  ],
                  "Effect": "Allow",
                  "Resource": {
                    "Fn::Join": [
                      "",
                      [
                        {
                          "Fn::GetAtt": [
                            "TestBicketC66E8595",
                            "Arn",
                          ],
                        },
                        "/*",
                      ],
                    ],
                  },
                  "Sid": "HomeDirObjectAccess",
                },
              ],
              "Version": "2012-10-17",
            },
            "PolicyName": "allow-bucket-access-policy",
          },
        ],
      },
      "Type": "AWS::IAM::Role",
    },
    "TestBicketC66E8595": {
      "DeletionPolicy": "Retain",
      "Type": "AWS::S3::Bucket",
      "UpdateReplacePolicy": "Retain",
    },
  },
  "Rules": {
    "CheckBootstrapVersion": {
      "Assertions": [
        {
          "Assert": {
            "Fn::Not": [
              {
                "Fn::Contains": [
                  [
                    "1",
                    "2",
                    "3",
                    "4",
                    "5",
                  ],
                  {
                    "Ref": "BootstrapVersion",
                  },
                ],
              },
            ],
          },
          "AssertDescription": "CDK bootstrap stack version 6 required. Please run 'cdk bootstrap' with a recent version of the CDK CLI.",
        },
      ],
    },
  },
}
`;
